<html>
<body>
<pre>
<h1>µVision Build Log</h1>
<h2>Tool Versions:</h2>
IDE-Version: •ÏVision V5.21.1.0
Copyright (C) 2016 ARM Ltd and ARM Germany GmbH. All rights reserved.
License Information: WONSE JO, wonsu0513, LIC=YA374-FI2RH-R9FG6-DXWAF-ZRP78-TLXFX
 
Tool Versions:
Toolchain:       MDK-ARM Plus  Version: 5.21a
Toolchain Path:  C:\Keil_v5\ARM\ARMCC\Bin
C Compiler:      Armcc.exe V5.06 update 3 (build 300)
Assembler:       Armasm.exe V5.06 update 3 (build 300)
Linker/Locator:  ArmLink.exe V5.06 update 3 (build 300)
Library Manager: ArmAr.exe V5.06 update 3 (build 300)
Hex Converter:   FromElf.exe V5.06 update 3 (build 300)
CPU DLL:         SARMCM3.DLL V5.21a
Dialog DLL:      DCM.DLL V1.13.8.0
Target DLL:      STLink\ST-LINKIII-KEIL_SWO.dll V2.0.18.0
Dialog DLL:      TCM.DLL V1.14.14.0
 
<h2>Project:</h2>
C:\Users\wonsu\Documents\STM32CubeMX Project Examples\SmartCane\MDK-ARM\SmartCane.uvprojx
Project File Date:  10/30/2017

<h2>Output:</h2>
*** Using Compiler 'V5.06 update 3 (build 300)', folder: 'C:\Keil_v5\ARM\ARMCC\Bin'
Build target 'SmartCane'
assembling startup_stm32f407xx.s...
compiling stm32f4xx_hal.c...
compiling stm32f4xx_hal_flash_ex.c...
compiling stm32f4xx_hal_uart.c...
compiling stm32f4xx_hal_dma_ex.c...
compiling stm32f4xx_hal_rcc.c...
compiling stm32f4xx_hal_tim.c...
compiling stm32f4xx_hal_cortex.c...
compiling stm32f4xx_hal_gpio.c...
compiling stm32f4xx_hal_dma.c...
compiling stm32f4xx_hal_pwr_ex.c...
compiling stm32f4xx_hal_rcc_ex.c...
compiling stm32f4xx_hal_pwr.c...
compiling stm32f4xx_hal_flash_ramfunc.c...
compiling stm32f4xx_hal_tim_ex.c...
compiling stm32f4xx_hal_flash.c...
compiling stm32f4xx_hal_adc_ex.c...
compiling main.c...
compiling stm32f4xx_hal_adc.c...
compiling system_stm32f4xx.c...
compiling stm32f4xx_it.c...
compiling stm32f4xx_hal_msp.c...
linking...
Program Size: Code=16720 RO-data=24472 RW-data=24 ZI-data=83528  
"SmartCane\SmartCane.axf" - 0 Error(s), 0 Warning(s).

<h2>Software Packages used:</h2>

Package Vendor: ARM
                http://www.keil.com/pack/ARM.CMSIS.5.1.1.pack
                ARM::CMSIS:DSP:1.5.2
                CMSIS (Cortex Microcontroller Software Interface Standard)
   * Component: DSP Version: 1.5.2
   * Component: CORE Version: 5.0.2

<h2>Collection of Component include folders:</h2>
  C:\Users\wonsu\Documents\STM32CubeMX Project Examples\SmartCane\MDK-ARM\RTE
  C:\Keil_v5\ARM\PACK\ARM\CMSIS\5.1.1\CMSIS\Include
  C:\Keil_v5\ARM\PACK\Keil\STM32F4xx_DFP\2.11.0\Drivers\CMSIS\Device\ST\STM32F4xx\Include

<h2>Collection of Component Files used:</h2>

   * Component: ARM::CMSIS:DSP:1.5.2
      Include file:  CMSIS\Include\arm_math.h
      Library file:  CMSIS\Lib\ARM\arm_cortexM4lf_math.lib

   * Component: ARM::CMSIS:CORE:5.0.2
Build Time Elapsed:  00:00:46
</pre>
</body>
</html>
